[1mforms-and-links.md[22m[32m[1m OK[22m[39m
[32m[1m[22m[39m[1msequenceWithActors.md[22m[32m[1m OK[22m[39m
[32m[1m[22m[39m[1msimple.md[22m[32m[1m OK[22m[39m
[32m[1m[22m[39m[1msubgraphs.md[22m[32m[1m OK[22m[39m
[32m[1m[22m[39m